INFO:     Started server process [42732]
INFO:     Waiting for application startup.
2026-05-26 07:15:17,921 [backend.main] INFO: \U0001f680 Starting AI Disaster Response Coordinator...
2026-05-26 07:15:17,930 [backend.main] INFO: \u2705 Default demo users created (admin/rescuer/citizen — password: password123)
2026-05-26 07:15:17,931 [backend.main] INFO: Mock feed disabled; waiting for real user/API reports
2026-05-26 07:15:17,932 [backend.main] INFO: \u2705 All systems operational
INFO:     Application startup complete.
INFO:     Uvicorn running on http://127.0.0.1:8000 (Press CTRL+C to quit)
2026-05-26 07:15:41,773 [httpx] INFO: HTTP Request: GET https://earthquake.usgs.gov/fdsnws/event/1/query?format=geojson&limit=30&orderby=time&minlatitude=28.7&maxlatitude=31.6&minlongitude=77.5&maxlongitude=81.2&minmagnitude=1.5&starttime=2026-05-19 "HTTP/1.1 200 OK"
2026-05-26 07:15:42,542 [httpx] INFO: HTTP Request: GET https://www.gdacs.org/gdacsapi/api/events/geteventlist/SEARCH?alertlevel=green;orange;red&eventlist=EQ,TC,FL,VO,DR&country=IND&fromDate=2026-05-19&toDate=2026-05-26 "HTTP/1.1 200 OK"
2026-05-26 07:15:43,372 [httpx] INFO: HTTP Request: GET https://api.open-meteo.com/v1/forecast?latitude=30.3165&longitude=78.0322&current=temperature_2m,rain,weather_code,wind_speed_10m&daily=weather_code,rain_sum&timezone=Asia/Kolkata&forecast_days=1 "HTTP/1.1 200 OK"
2026-05-26 07:15:44,039 [httpx] INFO: HTTP Request: GET https://api.open-meteo.com/v1/forecast?latitude=30.409&longitude=79.32&current=temperature_2m,rain,weather_code,wind_speed_10m&daily=weather_code,rain_sum&timezone=Asia/Kolkata&forecast_days=1 "HTTP/1.1 200 OK"
2026-05-26 07:15:44,774 [httpx] INFO: HTTP Request: GET https://api.open-meteo.com/v1/forecast?latitude=29.5829&longitude=80.2182&current=temperature_2m,rain,weather_code,wind_speed_10m&daily=weather_code,rain_sum&timezone=Asia/Kolkata&forecast_days=1 "HTTP/1.1 200 OK"
2026-05-26 07:15:45,464 [httpx] INFO: HTTP Request: GET https://api.open-meteo.com/v1/forecast?latitude=29.3919&longitude=79.4542&current=temperature_2m,rain,weather_code,wind_speed_10m&daily=weather_code,rain_sum&timezone=Asia/Kolkata&forecast_days=1 "HTTP/1.1 200 OK"
2026-05-26 07:15:46,136 [httpx] INFO: HTTP Request: GET https://api.open-meteo.com/v1/forecast?latitude=30.7268&longitude=78.4354&current=temperature_2m,rain,weather_code,wind_speed_10m&daily=weather_code,rain_sum&timezone=Asia/Kolkata&forecast_days=1 "HTTP/1.1 200 OK"
2026-05-26 07:15:46,826 [httpx] INFO: HTTP Request: GET https://api.open-meteo.com/v1/forecast?latitude=30.285&longitude=78.982&current=temperature_2m,rain,weather_code,wind_speed_10m&daily=weather_code,rain_sum&timezone=Asia/Kolkata&forecast_days=1 "HTTP/1.1 200 OK"
2026-05-26 07:15:49,098 [httpx] INFO: HTTP Request: GET https://news.google.com/rss/search?q=Uttarakhand+%28landslide+OR+flood+OR+cloudburst+OR+earthquake+OR+%22forest+fire%22+OR+wildfire+OR+avalanche+OR+heatwave+OR+disaster%29+when%3A7d&hl=en-IN&gl=IN&ceid=IN:en "HTTP/1.1 200 OK"
2026-05-26 07:15:49,628 [httpx] INFO: HTTP Request: GET https://news.google.com/rss/search?q=Uttarakhand+disaster+response+evacuation+casualties+latest+when%3A7d&hl=en-IN&gl=IN&ceid=IN:en "HTTP/1.1 200 OK"
2026-05-26 07:15:49,630 [backend.live_sources] INFO: \U0001f4e1 Live feed: 10 incidents, 10 alerts from 5 sources
INFO:     ('127.0.0.1', 61126) - "WebSocket /ws" [accepted]
2026-05-26 07:16:06,808 [backend.websocket_manager] INFO: WebSocket connected (room=global). Total: 1
INFO:     connection open
2026-05-26 07:17:08,641 [httpx] INFO: HTTP Request: GET https://earthquake.usgs.gov/fdsnws/event/1/query?format=geojson&limit=30&orderby=time&minlatitude=28.7&maxlatitude=31.6&minlongitude=77.5&maxlongitude=81.2&minmagnitude=1.5&starttime=2026-05-19 "HTTP/1.1 200 OK"
2026-05-26 07:17:08,641 [httpx] INFO: HTTP Request: GET https://earthquake.usgs.gov/fdsnws/event/1/query?format=geojson&limit=30&orderby=time&minlatitude=28.7&maxlatitude=31.6&minlongitude=77.5&maxlongitude=81.2&minmagnitude=1.5&starttime=2026-05-19 "HTTP/1.1 200 OK"
2026-05-26 07:17:08,647 [httpx] INFO: HTTP Request: GET https://earthquake.usgs.gov/fdsnws/event/1/query?format=geojson&limit=30&orderby=time&minlatitude=28.7&maxlatitude=31.6&minlongitude=77.5&maxlongitude=81.2&minmagnitude=1.5&starttime=2026-05-19 "HTTP/1.1 200 OK"
2026-05-26 07:17:09,356 [httpx] INFO: HTTP Request: GET https://www.gdacs.org/gdacsapi/api/events/geteventlist/SEARCH?alertlevel=green;orange;red&eventlist=EQ,TC,FL,VO,DR&country=IND&fromDate=2026-05-19&toDate=2026-05-26 "HTTP/1.1 200 OK"
2026-05-26 07:17:09,379 [httpx] INFO: HTTP Request: GET https://www.gdacs.org/gdacsapi/api/events/geteventlist/SEARCH?alertlevel=green;orange;red&eventlist=EQ,TC,FL,VO,DR&country=IND&fromDate=2026-05-19&toDate=2026-05-26 "HTTP/1.1 200 OK"
2026-05-26 07:17:09,465 [httpx] INFO: HTTP Request: GET https://www.gdacs.org/gdacsapi/api/events/geteventlist/SEARCH?alertlevel=green;orange;red&eventlist=EQ,TC,FL,VO,DR&country=IND&fromDate=2026-05-19&toDate=2026-05-26 "HTTP/1.1 200 OK"
2026-05-26 07:17:10,235 [httpx] INFO: HTTP Request: GET https://api.open-meteo.com/v1/forecast?latitude=30.3165&longitude=78.0322&current=temperature_2m,rain,weather_code,wind_speed_10m&daily=weather_code,rain_sum&timezone=Asia/Kolkata&forecast_days=1 "HTTP/1.1 200 OK"
2026-05-26 07:17:10,238 [httpx] INFO: HTTP Request: GET https://api.open-meteo.com/v1/forecast?latitude=30.3165&longitude=78.0322&current=temperature_2m,rain,weather_code,wind_speed_10m&daily=weather_code,rain_sum&timezone=Asia/Kolkata&forecast_days=1 "HTTP/1.1 200 OK"
2026-05-26 07:17:10,326 [httpx] INFO: HTTP Request: GET https://api.open-meteo.com/v1/forecast?latitude=30.3165&longitude=78.0322&current=temperature_2m,rain,weather_code,wind_speed_10m&daily=weather_code,rain_sum&timezone=Asia/Kolkata&forecast_days=1 "HTTP/1.1 200 OK"
2026-05-26 07:17:10,937 [httpx] INFO: HTTP Request: GET https://api.open-meteo.com/v1/forecast?latitude=30.409&longitude=79.32&current=temperature_2m,rain,weather_code,wind_speed_10m&daily=weather_code,rain_sum&timezone=Asia/Kolkata&forecast_days=1 "HTTP/1.1 200 OK"
2026-05-26 07:17:10,977 [httpx] INFO: HTTP Request: GET https://api.open-meteo.com/v1/forecast?latitude=30.409&longitude=79.32&current=temperature_2m,rain,weather_code,wind_speed_10m&daily=weather_code,rain_sum&timezone=Asia/Kolkata&forecast_days=1 "HTTP/1.1 200 OK"
2026-05-26 07:17:11,025 [httpx] INFO: HTTP Request: GET https://api.open-meteo.com/v1/forecast?latitude=30.409&longitude=79.32&current=temperature_2m,rain,weather_code,wind_speed_10m&daily=weather_code,rain_sum&timezone=Asia/Kolkata&forecast_days=1 "HTTP/1.1 200 OK"
2026-05-26 07:17:11,644 [httpx] INFO: HTTP Request: GET https://api.open-meteo.com/v1/forecast?latitude=29.5829&longitude=80.2182&current=temperature_2m,rain,weather_code,wind_speed_10m&daily=weather_code,rain_sum&timezone=Asia/Kolkata&forecast_days=1 "HTTP/1.1 200 OK"
2026-05-26 07:17:11,684 [httpx] INFO: HTTP Request: GET https://api.open-meteo.com/v1/forecast?latitude=29.5829&longitude=80.2182&current=temperature_2m,rain,weather_code,wind_speed_10m&daily=weather_code,rain_sum&timezone=Asia/Kolkata&forecast_days=1 "HTTP/1.1 200 OK"
2026-05-26 07:17:11,752 [httpx] INFO: HTTP Request: GET https://api.open-meteo.com/v1/forecast?latitude=29.5829&longitude=80.2182&current=temperature_2m,rain,weather_code,wind_speed_10m&daily=weather_code,rain_sum&timezone=Asia/Kolkata&forecast_days=1 "HTTP/1.1 200 OK"
2026-05-26 07:17:12,299 [httpx] INFO: HTTP Request: GET https://api.open-meteo.com/v1/forecast?latitude=29.3919&longitude=79.4542&current=temperature_2m,rain,weather_code,wind_speed_10m&daily=weather_code,rain_sum&timezone=Asia/Kolkata&forecast_days=1 "HTTP/1.1 200 OK"
2026-05-26 07:17:12,389 [httpx] INFO: HTTP Request: GET https://api.open-meteo.com/v1/forecast?latitude=29.3919&longitude=79.4542&current=temperature_2m,rain,weather_code,wind_speed_10m&daily=weather_code,rain_sum&timezone=Asia/Kolkata&forecast_days=1 "HTTP/1.1 200 OK"
2026-05-26 07:17:12,433 [httpx] INFO: HTTP Request: GET https://api.open-meteo.com/v1/forecast?latitude=29.3919&longitude=79.4542&current=temperature_2m,rain,weather_code,wind_speed_10m&daily=weather_code,rain_sum&timezone=Asia/Kolkata&forecast_days=1 "HTTP/1.1 200 OK"
2026-05-26 07:17:13,004 [httpx] INFO: HTTP Request: GET https://api.open-meteo.com/v1/forecast?latitude=30.7268&longitude=78.4354&current=temperature_2m,rain,weather_code,wind_speed_10m&daily=weather_code,rain_sum&timezone=Asia/Kolkata&forecast_days=1 "HTTP/1.1 200 OK"
2026-05-26 07:17:13,096 [httpx] INFO: HTTP Request: GET https://api.open-meteo.com/v1/forecast?latitude=30.7268&longitude=78.4354&current=temperature_2m,rain,weather_code,wind_speed_10m&daily=weather_code,rain_sum&timezone=Asia/Kolkata&forecast_days=1 "HTTP/1.1 200 OK"
2026-05-26 07:17:13,099 [httpx] INFO: HTTP Request: GET https://api.open-meteo.com/v1/forecast?latitude=30.7268&longitude=78.4354&current=temperature_2m,rain,weather_code,wind_speed_10m&daily=weather_code,rain_sum&timezone=Asia/Kolkata&forecast_days=1 "HTTP/1.1 200 OK"
2026-05-26 07:17:13,660 [httpx] INFO: HTTP Request: GET https://api.open-meteo.com/v1/forecast?latitude=30.285&longitude=78.982&current=temperature_2m,rain,weather_code,wind_speed_10m&daily=weather_code,rain_sum&timezone=Asia/Kolkata&forecast_days=1 "HTTP/1.1 200 OK"
2026-05-26 07:17:13,769 [httpx] INFO: HTTP Request: GET https://api.open-meteo.com/v1/forecast?latitude=30.285&longitude=78.982&current=temperature_2m,rain,weather_code,wind_speed_10m&daily=weather_code,rain_sum&timezone=Asia/Kolkata&forecast_days=1 "HTTP/1.1 200 OK"
2026-05-26 07:17:13,829 [httpx] INFO: HTTP Request: GET https://api.open-meteo.com/v1/forecast?latitude=30.285&longitude=78.982&current=temperature_2m,rain,weather_code,wind_speed_10m&daily=weather_code,rain_sum&timezone=Asia/Kolkata&forecast_days=1 "HTTP/1.1 200 OK"
2026-05-26 07:17:15,918 [httpx] INFO: HTTP Request: GET https://news.google.com/rss/search?q=Uttarakhand+%28landslide+OR+flood+OR+cloudburst+OR+earthquake+OR+%22forest+fire%22+OR+wildfire+OR+avalanche+OR+heatwave+OR+disaster%29+when%3A7d&hl=en-IN&gl=IN&ceid=IN:en "HTTP/1.1 200 OK"
2026-05-26 07:17:15,998 [httpx] INFO: HTTP Request: GET https://news.google.com/rss/search?q=Uttarakhand+%28landslide+OR+flood+OR+cloudburst+OR+earthquake+OR+%22forest+fire%22+OR+wildfire+OR+avalanche+OR+heatwave+OR+disaster%29+when%3A7d&hl=en-IN&gl=IN&ceid=IN:en "HTTP/1.1 200 OK"
2026-05-26 07:17:16,000 [httpx] INFO: HTTP Request: GET https://news.google.com/rss/search?q=Uttarakhand+%28landslide+OR+flood+OR+cloudburst+OR+earthquake+OR+%22forest+fire%22+OR+wildfire+OR+avalanche+OR+heatwave+OR+disaster%29+when%3A7d&hl=en-IN&gl=IN&ceid=IN:en "HTTP/1.1 200 OK"
2026-05-26 07:17:16,742 [httpx] INFO: HTTP Request: GET https://news.google.com/rss/search?q=Uttarakhand+disaster+response+evacuation+casualties+latest+when%3A7d&hl=en-IN&gl=IN&ceid=IN:en "HTTP/1.1 200 OK"
2026-05-26 07:17:16,742 [httpx] INFO: HTTP Request: GET https://news.google.com/rss/search?q=Uttarakhand+disaster+response+evacuation+casualties+latest+when%3A7d&hl=en-IN&gl=IN&ceid=IN:en "HTTP/1.1 200 OK"
2026-05-26 07:17:16,743 [httpx] INFO: HTTP Request: GET https://news.google.com/rss/search?q=Uttarakhand+disaster+response+evacuation+casualties+latest+when%3A7d&hl=en-IN&gl=IN&ceid=IN:en "HTTP/1.1 200 OK"
2026-05-26 07:17:16,745 [backend.live_sources] INFO: \U0001f4e1 Live feed: 10 incidents, 10 alerts from 5 sources
2026-05-26 07:17:16,749 [backend.live_sources] INFO: \U0001f4e1 Live feed: 10 incidents, 10 alerts from 5 sources
2026-05-26 07:17:16,750 [backend.live_sources] INFO: \U0001f4e1 Live feed: 10 incidents, 10 alerts from 5 sources
2026-05-26 07:18:07,348 [httpx] INFO: HTTP Request: GET https://earthquake.usgs.gov/fdsnws/event/1/query?format=geojson&limit=30&orderby=time&minlatitude=28.7&maxlatitude=31.6&minlongitude=77.5&maxlongitude=81.2&minmagnitude=1.5&starttime=2026-05-19 "HTTP/1.1 200 OK"
2026-05-26 07:18:07,418 [httpx] INFO: HTTP Request: GET https://earthquake.usgs.gov/fdsnws/event/1/query?format=geojson&limit=30&orderby=time&minlatitude=28.7&maxlatitude=31.6&minlongitude=77.5&maxlongitude=81.2&minmagnitude=1.5&starttime=2026-05-19 "HTTP/1.1 200 OK"
2026-05-26 07:18:08,077 [httpx] INFO: HTTP Request: GET https://www.gdacs.org/gdacsapi/api/events/geteventlist/SEARCH?alertlevel=green;orange;red&eventlist=EQ,TC,FL,VO,DR&country=IND&fromDate=2026-05-19&toDate=2026-05-26 "HTTP/1.1 200 OK"
2026-05-26 07:18:08,156 [httpx] INFO: HTTP Request: GET https://www.gdacs.org/gdacsapi/api/events/geteventlist/SEARCH?alertlevel=green;orange;red&eventlist=EQ,TC,FL,VO,DR&country=IND&fromDate=2026-05-19&toDate=2026-05-26 "HTTP/1.1 200 OK"
2026-05-26 07:18:08,912 [httpx] INFO: HTTP Request: GET https://api.open-meteo.com/v1/forecast?latitude=30.3165&longitude=78.0322&current=temperature_2m,rain,weather_code,wind_speed_10m&daily=weather_code,rain_sum&timezone=Asia/Kolkata&forecast_days=1 "HTTP/1.1 200 OK"
2026-05-26 07:18:09,024 [httpx] INFO: HTTP Request: GET https://api.open-meteo.com/v1/forecast?latitude=30.3165&longitude=78.0322&current=temperature_2m,rain,weather_code,wind_speed_10m&daily=weather_code,rain_sum&timezone=Asia/Kolkata&forecast_days=1 "HTTP/1.1 200 OK"
2026-05-26 07:18:09,620 [httpx] INFO: HTTP Request: GET https://api.open-meteo.com/v1/forecast?latitude=30.409&longitude=79.32&current=temperature_2m,rain,weather_code,wind_speed_10m&daily=weather_code,rain_sum&timezone=Asia/Kolkata&forecast_days=1 "HTTP/1.1 200 OK"
2026-05-26 07:18:09,693 [httpx] INFO: HTTP Request: GET https://api.open-meteo.com/v1/forecast?latitude=30.409&longitude=79.32&current=temperature_2m,rain,weather_code,wind_speed_10m&daily=weather_code,rain_sum&timezone=Asia/Kolkata&forecast_days=1 "HTTP/1.1 200 OK"
2026-05-26 07:18:10,272 [httpx] INFO: HTTP Request: GET https://api.open-meteo.com/v1/forecast?latitude=29.5829&longitude=80.2182&current=temperature_2m,rain,weather_code,wind_speed_10m&daily=weather_code,rain_sum&timezone=Asia/Kolkata&forecast_days=1 "HTTP/1.1 200 OK"
2026-05-26 07:18:10,378 [httpx] INFO: HTTP Request: GET https://api.open-meteo.com/v1/forecast?latitude=29.5829&longitude=80.2182&current=temperature_2m,rain,weather_code,wind_speed_10m&daily=weather_code,rain_sum&timezone=Asia/Kolkata&forecast_days=1 "HTTP/1.1 200 OK"
2026-05-26 07:18:10,954 [httpx] INFO: HTTP Request: GET https://api.open-meteo.com/v1/forecast?latitude=29.3919&longitude=79.4542&current=temperature_2m,rain,weather_code,wind_speed_10m&daily=weather_code,rain_sum&timezone=Asia/Kolkata&forecast_days=1 "HTTP/1.1 200 OK"
2026-05-26 07:18:11,066 [httpx] INFO: HTTP Request: GET https://api.open-meteo.com/v1/forecast?latitude=29.3919&longitude=79.4542&current=temperature_2m,rain,weather_code,wind_speed_10m&daily=weather_code,rain_sum&timezone=Asia/Kolkata&forecast_days=1 "HTTP/1.1 200 OK"
2026-05-26 07:18:11,717 [httpx] INFO: HTTP Request: GET https://api.open-meteo.com/v1/forecast?latitude=30.7268&longitude=78.4354&current=temperature_2m,rain,weather_code,wind_speed_10m&daily=weather_code,rain_sum&timezone=Asia/Kolkata&forecast_days=1 "HTTP/1.1 200 OK"
2026-05-26 07:18:11,735 [httpx] INFO: HTTP Request: GET https://api.open-meteo.com/v1/forecast?latitude=30.7268&longitude=78.4354&current=temperature_2m,rain,weather_code,wind_speed_10m&daily=weather_code,rain_sum&timezone=Asia/Kolkata&forecast_days=1 "HTTP/1.1 200 OK"
2026-05-26 07:18:12,360 [httpx] INFO: HTTP Request: GET https://api.open-meteo.com/v1/forecast?latitude=30.285&longitude=78.982&current=temperature_2m,rain,weather_code,wind_speed_10m&daily=weather_code,rain_sum&timezone=Asia/Kolkata&forecast_days=1 "HTTP/1.1 200 OK"
2026-05-26 07:18:12,391 [httpx] INFO: HTTP Request: GET https://api.open-meteo.com/v1/forecast?latitude=30.285&longitude=78.982&current=temperature_2m,rain,weather_code,wind_speed_10m&daily=weather_code,rain_sum&timezone=Asia/Kolkata&forecast_days=1 "HTTP/1.1 200 OK"
2026-05-26 07:18:13,714 [httpx] INFO: HTTP Request: GET https://news.google.com/rss/search?q=Uttarakhand+%28landslide+OR+flood+OR+cloudburst+OR+earthquake+OR+%22forest+fire%22+OR+wildfire+OR+avalanche+OR+heatwave+OR+disaster%29+when%3A7d&hl=en-IN&gl=IN&ceid=IN:en "HTTP/1.1 200 OK"
2026-05-26 07:18:13,772 [httpx] INFO: HTTP Request: GET https://news.google.com/rss/search?q=Uttarakhand+%28landslide+OR+flood+OR+cloudburst+OR+earthquake+OR+%22forest+fire%22+OR+wildfire+OR+avalanche+OR+heatwave+OR+disaster%29+when%3A7d&hl=en-IN&gl=IN&ceid=IN:en "HTTP/1.1 200 OK"
2026-05-26 07:18:13,815 [httpx] INFO: HTTP Request: GET https://news.google.com/rss/search?q=Uttarakhand+disaster+response+evacuation+casualties+latest+when%3A7d&hl=en-IN&gl=IN&ceid=IN:en "HTTP/1.1 200 OK"
2026-05-26 07:18:13,816 [backend.live_sources] INFO: \U0001f4e1 Live feed: 10 incidents, 10 alerts from 5 sources
2026-05-26 07:18:13,888 [httpx] INFO: HTTP Request: GET https://news.google.com/rss/search?q=Uttarakhand+disaster+response+evacuation+casualties+latest+when%3A7d&hl=en-IN&gl=IN&ceid=IN:en "HTTP/1.1 200 OK"
2026-05-26 07:18:13,888 [backend.live_sources] INFO: \U0001f4e1 Live feed: 10 incidents, 10 alerts from 5 sources
2026-05-26 07:20:07,432 [httpx] INFO: HTTP Request: GET https://earthquake.usgs.gov/fdsnws/event/1/query?format=geojson&limit=30&orderby=time&minlatitude=28.7&maxlatitude=31.6&minlongitude=77.5&maxlongitude=81.2&minmagnitude=1.5&starttime=2026-05-19 "HTTP/1.1 200 OK"
2026-05-26 07:20:07,434 [httpx] INFO: HTTP Request: GET https://earthquake.usgs.gov/fdsnws/event/1/query?format=geojson&limit=30&orderby=time&minlatitude=28.7&maxlatitude=31.6&minlongitude=77.5&maxlongitude=81.2&minmagnitude=1.5&starttime=2026-05-19 "HTTP/1.1 200 OK"
2026-05-26 07:20:07,439 [httpx] INFO: HTTP Request: GET https://earthquake.usgs.gov/fdsnws/event/1/query?format=geojson&limit=30&orderby=time&minlatitude=28.7&maxlatitude=31.6&minlongitude=77.5&maxlongitude=81.2&minmagnitude=1.5&starttime=2026-05-19 "HTTP/1.1 200 OK"
2026-05-26 07:20:08,187 [httpx] INFO: HTTP Request: GET https://www.gdacs.org/gdacsapi/api/events/geteventlist/SEARCH?alertlevel=green;orange;red&eventlist=EQ,TC,FL,VO,DR&country=IND&fromDate=2026-05-19&toDate=2026-05-26 "HTTP/1.1 200 OK"
2026-05-26 07:20:08,227 [httpx] INFO: HTTP Request: GET https://www.gdacs.org/gdacsapi/api/events/geteventlist/SEARCH?alertlevel=green;orange;red&eventlist=EQ,TC,FL,VO,DR&country=IND&fromDate=2026-05-19&toDate=2026-05-26 "HTTP/1.1 200 OK"
2026-05-26 07:20:08,230 [httpx] INFO: HTTP Request: GET https://www.gdacs.org/gdacsapi/api/events/geteventlist/SEARCH?alertlevel=green;orange;red&eventlist=EQ,TC,FL,VO,DR&country=IND&fromDate=2026-05-19&toDate=2026-05-26 "HTTP/1.1 200 OK"
2026-05-26 07:20:16,024 [httpx] INFO: HTTP Request: GET https://api.open-meteo.com/v1/forecast?latitude=30.3165&longitude=78.0322&current=temperature_2m,rain,weather_code,wind_speed_10m&daily=weather_code,rain_sum&timezone=Asia/Kolkata&forecast_days=1 "HTTP/1.1 200 OK"
2026-05-26 07:20:17,889 [httpx] INFO: HTTP Request: GET https://api.open-meteo.com/v1/forecast?latitude=30.3165&longitude=78.0322&current=temperature_2m,rain,weather_code,wind_speed_10m&daily=weather_code,rain_sum&timezone=Asia/Kolkata&forecast_days=1 "HTTP/1.1 200 OK"
2026-05-26 07:20:18,609 [httpx] INFO: HTTP Request: GET https://api.open-meteo.com/v1/forecast?latitude=30.3165&longitude=78.0322&current=temperature_2m,rain,weather_code,wind_speed_10m&daily=weather_code,rain_sum&timezone=Asia/Kolkata&forecast_days=1 "HTTP/1.1 200 OK"
2026-05-26 07:20:19,476 [httpx] INFO: HTTP Request: GET https://api.open-meteo.com/v1/forecast?latitude=30.409&longitude=79.32&current=temperature_2m,rain,weather_code,wind_speed_10m&daily=weather_code,rain_sum&timezone=Asia/Kolkata&forecast_days=1 "HTTP/1.1 200 OK"
2026-05-26 07:20:20,506 [httpx] INFO: HTTP Request: GET https://api.open-meteo.com/v1/forecast?latitude=30.409&longitude=79.32&current=temperature_2m,rain,weather_code,wind_speed_10m&daily=weather_code,rain_sum&timezone=Asia/Kolkata&forecast_days=1 "HTTP/1.1 200 OK"
2026-05-26 07:20:21,323 [httpx] INFO: HTTP Request: GET https://api.open-meteo.com/v1/forecast?latitude=30.409&longitude=79.32&current=temperature_2m,rain,weather_code,wind_speed_10m&daily=weather_code,rain_sum&timezone=Asia/Kolkata&forecast_days=1 "HTTP/1.1 200 OK"
2026-05-26 07:20:22,178 [httpx] INFO: HTTP Request: GET https://api.open-meteo.com/v1/forecast?latitude=29.5829&longitude=80.2182&current=temperature_2m,rain,weather_code,wind_speed_10m&daily=weather_code,rain_sum&timezone=Asia/Kolkata&forecast_days=1 "HTTP/1.1 200 OK"
2026-05-26 07:20:22,735 [httpx] INFO: HTTP Request: GET https://api.open-meteo.com/v1/forecast?latitude=29.5829&longitude=80.2182&current=temperature_2m,rain,weather_code,wind_speed_10m&daily=weather_code,rain_sum&timezone=Asia/Kolkata&forecast_days=1 "HTTP/1.1 200 OK"
2026-05-26 07:20:23,365 [httpx] INFO: HTTP Request: GET https://api.open-meteo.com/v1/forecast?latitude=29.5829&longitude=80.2182&current=temperature_2m,rain,weather_code,wind_speed_10m&daily=weather_code,rain_sum&timezone=Asia/Kolkata&forecast_days=1 "HTTP/1.1 200 OK"
2026-05-26 07:20:24,064 [httpx] INFO: HTTP Request: GET https://api.open-meteo.com/v1/forecast?latitude=29.3919&longitude=79.4542&current=temperature_2m,rain,weather_code,wind_speed_10m&daily=weather_code,rain_sum&timezone=Asia/Kolkata&forecast_days=1 "HTTP/1.1 200 OK"
2026-05-26 07:20:24,663 [httpx] INFO: HTTP Request: GET https://api.open-meteo.com/v1/forecast?latitude=29.3919&longitude=79.4542&current=temperature_2m,rain,weather_code,wind_speed_10m&daily=weather_code,rain_sum&timezone=Asia/Kolkata&forecast_days=1 "HTTP/1.1 200 OK"
2026-05-26 07:20:25,161 [httpx] INFO: HTTP Request: GET https://api.open-meteo.com/v1/forecast?latitude=29.3919&longitude=79.4542&current=temperature_2m,rain,weather_code,wind_speed_10m&daily=weather_code,rain_sum&timezone=Asia/Kolkata&forecast_days=1 "HTTP/1.1 200 OK"
2026-05-26 07:20:25,666 [httpx] INFO: HTTP Request: GET https://api.open-meteo.com/v1/forecast?latitude=30.7268&longitude=78.4354&current=temperature_2m,rain,weather_code,wind_speed_10m&daily=weather_code,rain_sum&timezone=Asia/Kolkata&forecast_days=1 "HTTP/1.1 200 OK"
2026-05-26 07:20:26,057 [httpx] INFO: HTTP Request: GET https://api.open-meteo.com/v1/forecast?latitude=30.7268&longitude=78.4354&current=temperature_2m,rain,weather_code,wind_speed_10m&daily=weather_code,rain_sum&timezone=Asia/Kolkata&forecast_days=1 "HTTP/1.1 200 OK"
2026-05-26 07:20:26,409 [httpx] INFO: HTTP Request: GET https://api.open-meteo.com/v1/forecast?latitude=30.7268&longitude=78.4354&current=temperature_2m,rain,weather_code,wind_speed_10m&daily=weather_code,rain_sum&timezone=Asia/Kolkata&forecast_days=1 "HTTP/1.1 200 OK"
2026-05-26 07:20:26,933 [httpx] INFO: HTTP Request: GET https://api.open-meteo.com/v1/forecast?latitude=30.285&longitude=78.982&current=temperature_2m,rain,weather_code,wind_speed_10m&daily=weather_code,rain_sum&timezone=Asia/Kolkata&forecast_days=1 "HTTP/1.1 200 OK"
2026-05-26 07:20:27,185 [httpx] INFO: HTTP Request: GET https://api.open-meteo.com/v1/forecast?latitude=30.285&longitude=78.982&current=temperature_2m,rain,weather_code,wind_speed_10m&daily=weather_code,rain_sum&timezone=Asia/Kolkata&forecast_days=1 "HTTP/1.1 200 OK"
2026-05-26 07:20:27,504 [httpx] INFO: HTTP Request: GET https://api.open-meteo.com/v1/forecast?latitude=30.285&longitude=78.982&current=temperature_2m,rain,weather_code,wind_speed_10m&daily=weather_code,rain_sum&timezone=Asia/Kolkata&forecast_days=1 "HTTP/1.1 200 OK"
2026-05-26 07:20:29,152 [httpx] INFO: HTTP Request: GET https://news.google.com/rss/search?q=Uttarakhand+%28landslide+OR+flood+OR+cloudburst+OR+earthquake+OR+%22forest+fire%22+OR+wildfire+OR+avalanche+OR+heatwave+OR+disaster%29+when%3A7d&hl=en-IN&gl=IN&ceid=IN:en "HTTP/1.1 200 OK"
2026-05-26 07:20:29,232 [httpx] INFO: HTTP Request: GET https://news.google.com/rss/search?q=Uttarakhand+%28landslide+OR+flood+OR+cloudburst+OR+earthquake+OR+%22forest+fire%22+OR+wildfire+OR+avalanche+OR+heatwave+OR+disaster%29+when%3A7d&hl=en-IN&gl=IN&ceid=IN:en "HTTP/1.1 200 OK"
2026-05-26 07:20:29,238 [httpx] INFO: HTTP Request: GET https://news.google.com/rss/search?q=Uttarakhand+%28landslide+OR+flood+OR+cloudburst+OR+earthquake+OR+%22forest+fire%22+OR+wildfire+OR+avalanche+OR+heatwave+OR+disaster%29+when%3A7d&hl=en-IN&gl=IN&ceid=IN:en "HTTP/1.1 200 OK"
2026-05-26 07:20:29,941 [httpx] INFO: HTTP Request: GET https://news.google.com/rss/search?q=Uttarakhand+disaster+response+evacuation+casualties+latest+when%3A7d&hl=en-IN&gl=IN&ceid=IN:en "HTTP/1.1 200 OK"
2026-05-26 07:20:29,942 [httpx] INFO: HTTP Request: GET https://news.google.com/rss/search?q=Uttarakhand+disaster+response+evacuation+casualties+latest+when%3A7d&hl=en-IN&gl=IN&ceid=IN:en "HTTP/1.1 200 OK"
2026-05-26 07:20:29,943 [backend.live_sources] INFO: \U0001f4e1 Live feed: 10 incidents, 10 alerts from 5 sources
2026-05-26 07:20:29,945 [backend.live_sources] INFO: \U0001f4e1 Live feed: 10 incidents, 10 alerts from 5 sources
2026-05-26 07:20:29,946 [httpx] INFO: HTTP Request: GET https://news.google.com/rss/search?q=Uttarakhand+disaster+response+evacuation+casualties+latest+when%3A7d&hl=en-IN&gl=IN&ceid=IN:en "HTTP/1.1 200 OK"
2026-05-26 07:20:29,952 [backend.live_sources] INFO: \U0001f4e1 Live feed: 10 incidents, 10 alerts from 5 sources
2026-05-26 07:21:07,797 [httpx] INFO: HTTP Request: GET https://earthquake.usgs.gov/fdsnws/event/1/query?format=geojson&limit=30&orderby=time&minlatitude=28.7&maxlatitude=31.6&minlongitude=77.5&maxlongitude=81.2&minmagnitude=1.5&starttime=2026-05-19 "HTTP/1.1 200 OK"
2026-05-26 07:21:07,807 [httpx] INFO: HTTP Request: GET https://earthquake.usgs.gov/fdsnws/event/1/query?format=geojson&limit=30&orderby=time&minlatitude=28.7&maxlatitude=31.6&minlongitude=77.5&maxlongitude=81.2&minmagnitude=1.5&starttime=2026-05-19 "HTTP/1.1 200 OK"
2026-05-26 07:21:08,735 [httpx] INFO: HTTP Request: GET https://www.gdacs.org/gdacsapi/api/events/geteventlist/SEARCH?alertlevel=green;orange;red&eventlist=EQ,TC,FL,VO,DR&country=IND&fromDate=2026-05-19&toDate=2026-05-26 "HTTP/1.1 200 OK"
2026-05-26 07:21:08,789 [httpx] INFO: HTTP Request: GET https://www.gdacs.org/gdacsapi/api/events/geteventlist/SEARCH?alertlevel=green;orange;red&eventlist=EQ,TC,FL,VO,DR&country=IND&fromDate=2026-05-19&toDate=2026-05-26 "HTTP/1.1 200 OK"
2026-05-26 07:21:10,070 [httpx] INFO: HTTP Request: GET https://api.open-meteo.com/v1/forecast?latitude=30.3165&longitude=78.0322&current=temperature_2m,rain,weather_code,wind_speed_10m&daily=weather_code,rain_sum&timezone=Asia/Kolkata&forecast_days=1 "HTTP/1.1 200 OK"
2026-05-26 07:21:10,091 [httpx] INFO: HTTP Request: GET https://api.open-meteo.com/v1/forecast?latitude=30.3165&longitude=78.0322&current=temperature_2m,rain,weather_code,wind_speed_10m&daily=weather_code,rain_sum&timezone=Asia/Kolkata&forecast_days=1 "HTTP/1.1 200 OK"
2026-05-26 07:21:10,886 [httpx] INFO: HTTP Request: GET https://api.open-meteo.com/v1/forecast?latitude=30.409&longitude=79.32&current=temperature_2m,rain,weather_code,wind_speed_10m&daily=weather_code,rain_sum&timezone=Asia/Kolkata&forecast_days=1 "HTTP/1.1 200 OK"
2026-05-26 07:21:10,931 [httpx] INFO: HTTP Request: GET https://api.open-meteo.com/v1/forecast?latitude=30.409&longitude=79.32&current=temperature_2m,rain,weather_code,wind_speed_10m&daily=weather_code,rain_sum&timezone=Asia/Kolkata&forecast_days=1 "HTTP/1.1 200 OK"
2026-05-26 07:21:11,610 [httpx] INFO: HTTP Request: GET https://api.open-meteo.com/v1/forecast?latitude=29.5829&longitude=80.2182&current=temperature_2m,rain,weather_code,wind_speed_10m&daily=weather_code,rain_sum&timezone=Asia/Kolkata&forecast_days=1 "HTTP/1.1 200 OK"
2026-05-26 07:21:11,619 [httpx] INFO: HTTP Request: GET https://api.open-meteo.com/v1/forecast?latitude=29.5829&longitude=80.2182&current=temperature_2m,rain,weather_code,wind_speed_10m&daily=weather_code,rain_sum&timezone=Asia/Kolkata&forecast_days=1 "HTTP/1.1 200 OK"
2026-05-26 07:21:12,391 [httpx] INFO: HTTP Request: GET https://api.open-meteo.com/v1/forecast?latitude=29.3919&longitude=79.4542&current=temperature_2m,rain,weather_code,wind_speed_10m&daily=weather_code,rain_sum&timezone=Asia/Kolkata&forecast_days=1 "HTTP/1.1 200 OK"
2026-05-26 07:21:12,420 [httpx] INFO: HTTP Request: GET https://api.open-meteo.com/v1/forecast?latitude=29.3919&longitude=79.4542&current=temperature_2m,rain,weather_code,wind_speed_10m&daily=weather_code,rain_sum&timezone=Asia/Kolkata&forecast_days=1 "HTTP/1.1 200 OK"
2026-05-26 07:21:13,316 [httpx] INFO: HTTP Request: GET https://api.open-meteo.com/v1/forecast?latitude=30.7268&longitude=78.4354&current=temperature_2m,rain,weather_code,wind_speed_10m&daily=weather_code,rain_sum&timezone=Asia/Kolkata&forecast_days=1 "HTTP/1.1 200 OK"
2026-05-26 07:21:13,392 [httpx] INFO: HTTP Request: GET https://api.open-meteo.com/v1/forecast?latitude=30.7268&longitude=78.4354&current=temperature_2m,rain,weather_code,wind_speed_10m&daily=weather_code,rain_sum&timezone=Asia/Kolkata&forecast_days=1 "HTTP/1.1 200 OK"
2026-05-26 07:21:14,155 [httpx] INFO: HTTP Request: GET https://api.open-meteo.com/v1/forecast?latitude=30.285&longitude=78.982&current=temperature_2m,rain,weather_code,wind_speed_10m&daily=weather_code,rain_sum&timezone=Asia/Kolkata&forecast_days=1 "HTTP/1.1 200 OK"
2026-05-26 07:21:14,268 [httpx] INFO: HTTP Request: GET https://api.open-meteo.com/v1/forecast?latitude=30.285&longitude=78.982&current=temperature_2m,rain,weather_code,wind_speed_10m&daily=weather_code,rain_sum&timezone=Asia/Kolkata&forecast_days=1 "HTTP/1.1 200 OK"
2026-05-26 07:21:16,753 [httpx] INFO: HTTP Request: GET https://news.google.com/rss/search?q=Uttarakhand+%28landslide+OR+flood+OR+cloudburst+OR+earthquake+OR+%22forest+fire%22+OR+wildfire+OR+avalanche+OR+heatwave+OR+disaster%29+when%3A7d&hl=en-IN&gl=IN&ceid=IN:en "HTTP/1.1 200 OK"
2026-05-26 07:21:16,850 [httpx] INFO: HTTP Request: GET https://news.google.com/rss/search?q=Uttarakhand+disaster+response+evacuation+casualties+latest+when%3A7d&hl=en-IN&gl=IN&ceid=IN:en "HTTP/1.1 200 OK"
2026-05-26 07:21:16,850 [backend.live_sources] INFO: \U0001f4e1 Live feed: 10 incidents, 10 alerts from 5 sources
2026-05-26 07:21:17,831 [httpx] INFO: HTTP Request: GET https://news.google.com/rss/search?q=Uttarakhand+%28landslide+OR+flood+OR+cloudburst+OR+earthquake+OR+%22forest+fire%22+OR+wildfire+OR+avalanche+OR+heatwave+OR+disaster%29+when%3A7d&hl=en-IN&gl=IN&ceid=IN:en "HTTP/1.1 200 OK"
2026-05-26 07:21:18,237 [httpx] INFO: HTTP Request: GET https://news.google.com/rss/search?q=Uttarakhand+disaster+response+evacuation+casualties+latest+when%3A7d&hl=en-IN&gl=IN&ceid=IN:en "HTTP/1.1 200 OK"
2026-05-26 07:21:18,238 [backend.live_sources] INFO: \U0001f4e1 Live feed: 10 incidents, 10 alerts from 5 sources
2026-05-26 07:22:10,766 [backend.websocket_manager] INFO: WebSocket disconnected. Total: 0
INFO:     connection closed
INFO:     ('127.0.0.1', 51784) - "WebSocket /ws" [accepted]
2026-05-26 07:22:11,306 [backend.websocket_manager] INFO: WebSocket connected (room=global). Total: 1
INFO:     connection open
2026-05-26 07:22:12,472 [httpx] INFO: HTTP Request: GET https://earthquake.usgs.gov/fdsnws/event/1/query?format=geojson&limit=30&orderby=time&minlatitude=28.7&maxlatitude=31.6&minlongitude=77.5&maxlongitude=81.2&minmagnitude=1.5&starttime=2026-05-19 "HTTP/1.1 200 OK"
2026-05-26 07:22:12,478 [httpx] INFO: HTTP Request: GET https://earthquake.usgs.gov/fdsnws/event/1/query?format=geojson&limit=30&orderby=time&minlatitude=28.7&maxlatitude=31.6&minlongitude=77.5&maxlongitude=81.2&minmagnitude=1.5&starttime=2026-05-19 "HTTP/1.1 200 OK"
2026-05-26 07:22:12,478 [httpx] INFO: HTTP Request: GET https://earthquake.usgs.gov/fdsnws/event/1/query?format=geojson&limit=30&orderby=time&minlatitude=28.7&maxlatitude=31.6&minlongitude=77.5&maxlongitude=81.2&minmagnitude=1.5&starttime=2026-05-19 "HTTP/1.1 200 OK"
2026-05-26 07:22:13,363 [httpx] INFO: HTTP Request: GET https://www.gdacs.org/gdacsapi/api/events/geteventlist/SEARCH?alertlevel=green;orange;red&eventlist=EQ,TC,FL,VO,DR&country=IND&fromDate=2026-05-19&toDate=2026-05-26 "HTTP/1.1 200 OK"
2026-05-26 07:22:13,387 [httpx] INFO: HTTP Request: GET https://www.gdacs.org/gdacsapi/api/events/geteventlist/SEARCH?alertlevel=green;orange;red&eventlist=EQ,TC,FL,VO,DR&country=IND&fromDate=2026-05-19&toDate=2026-05-26 "HTTP/1.1 200 OK"
2026-05-26 07:22:13,394 [httpx] INFO: HTTP Request: GET https://www.gdacs.org/gdacsapi/api/events/geteventlist/SEARCH?alertlevel=green;orange;red&eventlist=EQ,TC,FL,VO,DR&country=IND&fromDate=2026-05-19&toDate=2026-05-26 "HTTP/1.1 200 OK"
2026-05-26 07:22:14,547 [httpx] INFO: HTTP Request: GET https://api.open-meteo.com/v1/forecast?latitude=30.3165&longitude=78.0322&current=temperature_2m,rain,weather_code,wind_speed_10m&daily=weather_code,rain_sum&timezone=Asia/Kolkata&forecast_days=1 "HTTP/1.1 200 OK"
2026-05-26 07:22:14,782 [httpx] INFO: HTTP Request: GET https://api.open-meteo.com/v1/forecast?latitude=30.3165&longitude=78.0322&current=temperature_2m,rain,weather_code,wind_speed_10m&daily=weather_code,rain_sum&timezone=Asia/Kolkata&forecast_days=1 "HTTP/1.1 200 OK"
2026-05-26 07:22:14,903 [httpx] INFO: HTTP Request: GET https://api.open-meteo.com/v1/forecast?latitude=30.3165&longitude=78.0322&current=temperature_2m,rain,weather_code,wind_speed_10m&daily=weather_code,rain_sum&timezone=Asia/Kolkata&forecast_days=1 "HTTP/1.1 200 OK"
2026-05-26 07:22:15,262 [httpx] INFO: HTTP Request: GET https://api.open-meteo.com/v1/forecast?latitude=30.409&longitude=79.32&current=temperature_2m,rain,weather_code,wind_speed_10m&daily=weather_code,rain_sum&timezone=Asia/Kolkata&forecast_days=1 "HTTP/1.1 200 OK"
2026-05-26 07:22:15,556 [httpx] INFO: HTTP Request: GET https://api.open-meteo.com/v1/forecast?latitude=30.409&longitude=79.32&current=temperature_2m,rain,weather_code,wind_speed_10m&daily=weather_code,rain_sum&timezone=Asia/Kolkata&forecast_days=1 "HTTP/1.1 200 OK"
2026-05-26 07:22:15,793 [httpx] INFO: HTTP Request: GET https://api.open-meteo.com/v1/forecast?latitude=30.409&longitude=79.32&current=temperature_2m,rain,weather_code,wind_speed_10m&daily=weather_code,rain_sum&timezone=Asia/Kolkata&forecast_days=1 "HTTP/1.1 200 OK"
2026-05-26 07:22:16,139 [httpx] INFO: HTTP Request: GET https://api.open-meteo.com/v1/forecast?latitude=29.5829&longitude=80.2182&current=temperature_2m,rain,weather_code,wind_speed_10m&daily=weather_code,rain_sum&timezone=Asia/Kolkata&forecast_days=1 "HTTP/1.1 200 OK"
2026-05-26 07:22:16,351 [httpx] INFO: HTTP Request: GET https://api.open-meteo.com/v1/forecast?latitude=29.5829&longitude=80.2182&current=temperature_2m,rain,weather_code,wind_speed_10m&daily=weather_code,rain_sum&timezone=Asia/Kolkata&forecast_days=1 "HTTP/1.1 200 OK"
2026-05-26 07:22:16,606 [httpx] INFO: HTTP Request: GET https://api.open-meteo.com/v1/forecast?latitude=29.5829&longitude=80.2182&current=temperature_2m,rain,weather_code,wind_speed_10m&daily=weather_code,rain_sum&timezone=Asia/Kolkata&forecast_days=1 "HTTP/1.1 200 OK"
2026-05-26 07:22:16,927 [httpx] INFO: HTTP Request: GET https://api.open-meteo.com/v1/forecast?latitude=29.3919&longitude=79.4542&current=temperature_2m,rain,weather_code,wind_speed_10m&daily=weather_code,rain_sum&timezone=Asia/Kolkata&forecast_days=1 "HTTP/1.1 200 OK"
2026-05-26 07:22:17,266 [httpx] INFO: HTTP Request: GET https://api.open-meteo.com/v1/forecast?latitude=29.3919&longitude=79.4542&current=temperature_2m,rain,weather_code,wind_speed_10m&daily=weather_code,rain_sum&timezone=Asia/Kolkata&forecast_days=1 "HTTP/1.1 200 OK"
2026-05-26 07:22:17,526 [httpx] INFO: HTTP Request: GET https://api.open-meteo.com/v1/forecast?latitude=29.3919&longitude=79.4542&current=temperature_2m,rain,weather_code,wind_speed_10m&daily=weather_code,rain_sum&timezone=Asia/Kolkata&forecast_days=1 "HTTP/1.1 200 OK"
2026-05-26 07:22:17,860 [httpx] INFO: HTTP Request: GET https://api.open-meteo.com/v1/forecast?latitude=30.7268&longitude=78.4354&current=temperature_2m,rain,weather_code,wind_speed_10m&daily=weather_code,rain_sum&timezone=Asia/Kolkata&forecast_days=1 "HTTP/1.1 200 OK"
2026-05-26 07:22:18,496 [httpx] INFO: HTTP Request: GET https://api.open-meteo.com/v1/forecast?latitude=30.7268&longitude=78.4354&current=temperature_2m,rain,weather_code,wind_speed_10m&daily=weather_code,rain_sum&timezone=Asia/Kolkata&forecast_days=1 "HTTP/1.1 200 OK"
2026-05-26 07:22:18,884 [httpx] INFO: HTTP Request: GET https://api.open-meteo.com/v1/forecast?latitude=30.285&longitude=78.982&current=temperature_2m,rain,weather_code,wind_speed_10m&daily=weather_code,rain_sum&timezone=Asia/Kolkata&forecast_days=1 "HTTP/1.1 200 OK"
2026-05-26 07:22:19,164 [httpx] INFO: HTTP Request: GET https://api.open-meteo.com/v1/forecast?latitude=30.7268&longitude=78.4354&current=temperature_2m,rain,weather_code,wind_speed_10m&daily=weather_code,rain_sum&timezone=Asia/Kolkata&forecast_days=1 "HTTP/1.1 200 OK"
2026-05-26 07:22:19,344 [httpx] INFO: HTTP Request: GET https://api.open-meteo.com/v1/forecast?latitude=30.285&longitude=78.982&current=temperature_2m,rain,weather_code,wind_speed_10m&daily=weather_code,rain_sum&timezone=Asia/Kolkata&forecast_days=1 "HTTP/1.1 200 OK"
2026-05-26 07:22:19,854 [httpx] INFO: HTTP Request: GET https://api.open-meteo.com/v1/forecast?latitude=30.285&longitude=78.982&current=temperature_2m,rain,weather_code,wind_speed_10m&daily=weather_code,rain_sum&timezone=Asia/Kolkata&forecast_days=1 "HTTP/1.1 200 OK"
2026-05-26 07:22:20,339 [httpx] INFO: HTTP Request: GET https://news.google.com/rss/search?q=Uttarakhand+%28landslide+OR+flood+OR+cloudburst+OR+earthquake+OR+%22forest+fire%22+OR+wildfire+OR+avalanche+OR+heatwave+OR+disaster%29+when%3A7d&hl=en-IN&gl=IN&ceid=IN:en "HTTP/1.1 200 OK"
2026-05-26 07:22:20,708 [httpx] INFO: HTTP Request: GET https://news.google.com/rss/search?q=Uttarakhand+disaster+response+evacuation+casualties+latest+when%3A7d&hl=en-IN&gl=IN&ceid=IN:en "HTTP/1.1 200 OK"
2026-05-26 07:22:20,714 [backend.live_sources] INFO: \U0001f4e1 Live feed: 10 incidents, 10 alerts from 5 sources
2026-05-26 07:22:21,018 [httpx] INFO: HTTP Request: GET https://news.google.com/rss/search?q=Uttarakhand+%28landslide+OR+flood+OR+cloudburst+OR+earthquake+OR+%22forest+fire%22+OR+wildfire+OR+avalanche+OR+heatwave+OR+disaster%29+when%3A7d&hl=en-IN&gl=IN&ceid=IN:en "HTTP/1.1 200 OK"
2026-05-26 07:22:21,466 [httpx] INFO: HTTP Request: GET https://news.google.com/rss/search?q=Uttarakhand+disaster+response+evacuation+casualties+latest+when%3A7d&hl=en-IN&gl=IN&ceid=IN:en "HTTP/1.1 200 OK"
2026-05-26 07:22:21,471 [backend.live_sources] INFO: \U0001f4e1 Live feed: 10 incidents, 10 alerts from 5 sources
2026-05-26 07:22:21,715 [httpx] INFO: HTTP Request: GET https://news.google.com/rss/search?q=Uttarakhand+%28landslide+OR+flood+OR+cloudburst+OR+earthquake+OR+%22forest+fire%22+OR+wildfire+OR+avalanche+OR+heatwave+OR+disaster%29+when%3A7d&hl=en-IN&gl=IN&ceid=IN:en "HTTP/1.1 200 OK"
2026-05-26 07:22:21,835 [httpx] INFO: HTTP Request: GET https://news.google.com/rss/search?q=Uttarakhand+disaster+response+evacuation+casualties+latest+when%3A7d&hl=en-IN&gl=IN&ceid=IN:en "HTTP/1.1 200 OK"
2026-05-26 07:22:21,836 [backend.live_sources] INFO: \U0001f4e1 Live feed: 10 incidents, 10 alerts from 5 sources
2026-05-26 07:23:44,015 [httpx] INFO: HTTP Request: GET https://earthquake.usgs.gov/fdsnws/event/1/query?format=geojson&limit=30&orderby=time&minlatitude=28.7&maxlatitude=31.6&minlongitude=77.5&maxlongitude=81.2&minmagnitude=1.5&starttime=2026-05-19 "HTTP/1.1 200 OK"
2026-05-26 07:23:44,749 [httpx] INFO: HTTP Request: GET https://www.gdacs.org/gdacsapi/api/events/geteventlist/SEARCH?alertlevel=green;orange;red&eventlist=EQ,TC,FL,VO,DR&country=IND&fromDate=2026-05-19&toDate=2026-05-26 "HTTP/1.1 200 OK"
2026-05-26 07:23:45,561 [httpx] INFO: HTTP Request: GET https://api.open-meteo.com/v1/forecast?latitude=30.3165&longitude=78.0322&current=temperature_2m,rain,weather_code,wind_speed_10m&daily=weather_code,rain_sum&timezone=Asia/Kolkata&forecast_days=1 "HTTP/1.1 200 OK"
2026-05-26 07:23:46,288 [httpx] INFO: HTTP Request: GET https://api.open-meteo.com/v1/forecast?latitude=30.409&longitude=79.32&current=temperature_2m,rain,weather_code,wind_speed_10m&daily=weather_code,rain_sum&timezone=Asia/Kolkata&forecast_days=1 "HTTP/1.1 200 OK"
2026-05-26 07:23:46,937 [httpx] INFO: HTTP Request: GET https://api.open-meteo.com/v1/forecast?latitude=29.5829&longitude=80.2182&current=temperature_2m,rain,weather_code,wind_speed_10m&daily=weather_code,rain_sum&timezone=Asia/Kolkata&forecast_days=1 "HTTP/1.1 200 OK"
2026-05-26 07:23:47,634 [httpx] INFO: HTTP Request: GET https://api.open-meteo.com/v1/forecast?latitude=29.3919&longitude=79.4542&current=temperature_2m,rain,weather_code,wind_speed_10m&daily=weather_code,rain_sum&timezone=Asia/Kolkata&forecast_days=1 "HTTP/1.1 200 OK"
2026-05-26 07:23:48,337 [httpx] INFO: HTTP Request: GET https://api.open-meteo.com/v1/forecast?latitude=30.7268&longitude=78.4354&current=temperature_2m,rain,weather_code,wind_speed_10m&daily=weather_code,rain_sum&timezone=Asia/Kolkata&forecast_days=1 "HTTP/1.1 200 OK"
2026-05-26 07:23:49,064 [httpx] INFO: HTTP Request: GET https://api.open-meteo.com/v1/forecast?latitude=30.285&longitude=78.982&current=temperature_2m,rain,weather_code,wind_speed_10m&daily=weather_code,rain_sum&timezone=Asia/Kolkata&forecast_days=1 "HTTP/1.1 200 OK"
2026-05-26 07:23:49,434 [backend.websocket_manager] INFO: WebSocket disconnected. Total: 0
INFO:     connection closed
INFO:     ('127.0.0.1', 56252) - "WebSocket /ws" [accepted]
2026-05-26 07:23:49,612 [backend.websocket_manager] INFO: WebSocket connected (room=global). Total: 1
INFO:     connection open
2026-05-26 07:23:50,100 [httpx] INFO: HTTP Request: GET https://earthquake.usgs.gov/fdsnws/event/1/query?format=geojson&limit=30&orderby=time&minlatitude=28.7&maxlatitude=31.6&minlongitude=77.5&maxlongitude=81.2&minmagnitude=1.5&starttime=2026-05-19 "HTTP/1.1 200 OK"
2026-05-26 07:23:50,106 [httpx] INFO: HTTP Request: GET https://earthquake.usgs.gov/fdsnws/event/1/query?format=geojson&limit=30&orderby=time&minlatitude=28.7&maxlatitude=31.6&minlongitude=77.5&maxlongitude=81.2&minmagnitude=1.5&starttime=2026-05-19 "HTTP/1.1 200 OK"
2026-05-26 07:23:50,118 [httpx] INFO: HTTP Request: GET https://earthquake.usgs.gov/fdsnws/event/1/query?format=geojson&limit=30&orderby=time&minlatitude=28.7&maxlatitude=31.6&minlongitude=77.5&maxlongitude=81.2&minmagnitude=1.5&starttime=2026-05-19 "HTTP/1.1 200 OK"
2026-05-26 07:23:50,845 [httpx] INFO: HTTP Request: GET https://www.gdacs.org/gdacsapi/api/events/geteventlist/SEARCH?alertlevel=green;orange;red&eventlist=EQ,TC,FL,VO,DR&country=IND&fromDate=2026-05-19&toDate=2026-05-26 "HTTP/1.1 200 OK"
2026-05-26 07:23:50,852 [httpx] INFO: HTTP Request: GET https://www.gdacs.org/gdacsapi/api/events/geteventlist/SEARCH?alertlevel=green;orange;red&eventlist=EQ,TC,FL,VO,DR&country=IND&fromDate=2026-05-19&toDate=2026-05-26 "HTTP/1.1 200 OK"
2026-05-26 07:23:50,985 [httpx] INFO: HTTP Request: GET https://www.gdacs.org/gdacsapi/api/events/geteventlist/SEARCH?alertlevel=green;orange;red&eventlist=EQ,TC,FL,VO,DR&country=IND&fromDate=2026-05-19&toDate=2026-05-26 "HTTP/1.1 200 OK"
2026-05-26 07:23:51,251 [httpx] INFO: HTTP Request: GET https://news.google.com/rss/search?q=Uttarakhand+%28landslide+OR+flood+OR+cloudburst+OR+earthquake+OR+%22forest+fire%22+OR+wildfire+OR+avalanche+OR+heatwave+OR+disaster%29+when%3A7d&hl=en-IN&gl=IN&ceid=IN:en "HTTP/1.1 200 OK"
2026-05-26 07:23:51,664 [httpx] INFO: HTTP Request: GET https://api.open-meteo.com/v1/forecast?latitude=30.3165&longitude=78.0322&current=temperature_2m,rain,weather_code,wind_speed_10m&daily=weather_code,rain_sum&timezone=Asia/Kolkata&forecast_days=1 "HTTP/1.1 200 OK"
2026-05-26 07:23:51,694 [httpx] INFO: HTTP Request: GET https://api.open-meteo.com/v1/forecast?latitude=30.3165&longitude=78.0322&current=temperature_2m,rain,weather_code,wind_speed_10m&daily=weather_code,rain_sum&timezone=Asia/Kolkata&forecast_days=1 "HTTP/1.1 200 OK"
2026-05-26 07:23:51,827 [httpx] INFO: HTTP Request: GET https://api.open-meteo.com/v1/forecast?latitude=30.3165&longitude=78.0322&current=temperature_2m,rain,weather_code,wind_speed_10m&daily=weather_code,rain_sum&timezone=Asia/Kolkata&forecast_days=1 "HTTP/1.1 200 OK"
2026-05-26 07:23:52,016 [httpx] INFO: HTTP Request: GET https://news.google.com/rss/search?q=Uttarakhand+disaster+response+evacuation+casualties+latest+when%3A7d&hl=en-IN&gl=IN&ceid=IN:en "HTTP/1.1 200 OK"
2026-05-26 07:23:52,022 [backend.live_sources] INFO: \U0001f4e1 Live feed: 10 incidents, 10 alerts from 4 sources
2026-05-26 07:23:52,354 [httpx] INFO: HTTP Request: GET https://api.open-meteo.com/v1/forecast?latitude=30.409&longitude=79.32&current=temperature_2m,rain,weather_code,wind_speed_10m&daily=weather_code,rain_sum&timezone=Asia/Kolkata&forecast_days=1 "HTTP/1.1 200 OK"
2026-05-26 07:23:52,354 [httpx] INFO: HTTP Request: GET https://api.open-meteo.com/v1/forecast?latitude=30.409&longitude=79.32&current=temperature_2m,rain,weather_code,wind_speed_10m&daily=weather_code,rain_sum&timezone=Asia/Kolkata&forecast_days=1 "HTTP/1.1 200 OK"
2026-05-26 07:23:52,524 [httpx] INFO: HTTP Request: GET https://api.open-meteo.com/v1/forecast?latitude=30.409&longitude=79.32&current=temperature_2m,rain,weather_code,wind_speed_10m&daily=weather_code,rain_sum&timezone=Asia/Kolkata&forecast_days=1 "HTTP/1.1 200 OK"
2026-05-26 07:23:52,990 [httpx] INFO: HTTP Request: GET https://api.open-meteo.com/v1/forecast?latitude=29.5829&longitude=80.2182&current=temperature_2m,rain,weather_code,wind_speed_10m&daily=weather_code,rain_sum&timezone=Asia/Kolkata&forecast_days=1 "HTTP/1.1 200 OK"
2026-05-26 07:23:53,057 [httpx] INFO: HTTP Request: GET https://api.open-meteo.com/v1/forecast?latitude=29.5829&longitude=80.2182&current=temperature_2m,rain,weather_code,wind_speed_10m&daily=weather_code,rain_sum&timezone=Asia/Kolkata&forecast_days=1 "HTTP/1.1 200 OK"
2026-05-26 07:23:53,204 [httpx] INFO: HTTP Request: GET https://api.open-meteo.com/v1/forecast?latitude=29.5829&longitude=80.2182&current=temperature_2m,rain,weather_code,wind_speed_10m&daily=weather_code,rain_sum&timezone=Asia/Kolkata&forecast_days=1 "HTTP/1.1 200 OK"
2026-05-26 07:23:53,621 [httpx] INFO: HTTP Request: GET https://api.open-meteo.com/v1/forecast?latitude=29.3919&longitude=79.4542&current=temperature_2m,rain,weather_code,wind_speed_10m&daily=weather_code,rain_sum&timezone=Asia/Kolkata&forecast_days=1 "HTTP/1.1 200 OK"
2026-05-26 07:23:53,748 [httpx] INFO: HTTP Request: GET https://api.open-meteo.com/v1/forecast?latitude=29.3919&longitude=79.4542&current=temperature_2m,rain,weather_code,wind_speed_10m&daily=weather_code,rain_sum&timezone=Asia/Kolkata&forecast_days=1 "HTTP/1.1 200 OK"
2026-05-26 07:23:53,852 [httpx] INFO: HTTP Request: GET https://api.open-meteo.com/v1/forecast?latitude=29.3919&longitude=79.4542&current=temperature_2m,rain,weather_code,wind_speed_10m&daily=weather_code,rain_sum&timezone=Asia/Kolkata&forecast_days=1 "HTTP/1.1 200 OK"
2026-05-26 07:23:54,342 [httpx] INFO: HTTP Request: GET https://api.open-meteo.com/v1/forecast?latitude=30.7268&longitude=78.4354&current=temperature_2m,rain,weather_code,wind_speed_10m&daily=weather_code,rain_sum&timezone=Asia/Kolkata&forecast_days=1 "HTTP/1.1 200 OK"
2026-05-26 07:23:54,390 [httpx] INFO: HTTP Request: GET https://api.open-meteo.com/v1/forecast?latitude=30.7268&longitude=78.4354&current=temperature_2m,rain,weather_code,wind_speed_10m&daily=weather_code,rain_sum&timezone=Asia/Kolkata&forecast_days=1 "HTTP/1.1 200 OK"
2026-05-26 07:23:54,511 [httpx] INFO: HTTP Request: GET https://api.open-meteo.com/v1/forecast?latitude=30.7268&longitude=78.4354&current=temperature_2m,rain,weather_code,wind_speed_10m&daily=weather_code,rain_sum&timezone=Asia/Kolkata&forecast_days=1 "HTTP/1.1 200 OK"
2026-05-26 07:23:55,021 [httpx] INFO: HTTP Request: GET https://api.open-meteo.com/v1/forecast?latitude=30.285&longitude=78.982&current=temperature_2m,rain,weather_code,wind_speed_10m&daily=weather_code,rain_sum&timezone=Asia/Kolkata&forecast_days=1 "HTTP/1.1 200 OK"
2026-05-26 07:23:55,026 [httpx] INFO: HTTP Request: GET https://api.open-meteo.com/v1/forecast?latitude=30.285&longitude=78.982&current=temperature_2m,rain,weather_code,wind_speed_10m&daily=weather_code,rain_sum&timezone=Asia/Kolkata&forecast_days=1 "HTTP/1.1 200 OK"
2026-05-26 07:23:55,180 [httpx] INFO: HTTP Request: GET https://api.open-meteo.com/v1/forecast?latitude=30.285&longitude=78.982&current=temperature_2m,rain,weather_code,wind_speed_10m&daily=weather_code,rain_sum&timezone=Asia/Kolkata&forecast_days=1 "HTTP/1.1 200 OK"
2026-05-26 07:23:56,433 [httpx] INFO: HTTP Request: GET https://news.google.com/rss/search?q=Uttarakhand+%28landslide+OR+flood+OR+cloudburst+OR+earthquake+OR+%22forest+fire%22+OR+wildfire+OR+avalanche+OR+heatwave+OR+disaster%29+when%3A7d&hl=en-IN&gl=IN&ceid=IN:en "HTTP/1.1 200 OK"
2026-05-26 07:23:56,440 [httpx] INFO: HTTP Request: GET https://news.google.com/rss/search?q=Uttarakhand+%28landslide+OR+flood+OR+cloudburst+OR+earthquake+OR+%22forest+fire%22+OR+wildfire+OR+avalanche+OR+heatwave+OR+disaster%29+when%3A7d&hl=en-IN&gl=IN&ceid=IN:en "HTTP/1.1 200 OK"
2026-05-26 07:23:56,549 [httpx] INFO: HTTP Request: GET https://news.google.com/rss/search?q=Uttarakhand+disaster+response+evacuation+casualties+latest+when%3A7d&hl=en-IN&gl=IN&ceid=IN:en "HTTP/1.1 200 OK"
2026-05-26 07:23:56,549 [httpx] INFO: HTTP Request: GET https://news.google.com/rss/search?q=Uttarakhand+disaster+response+evacuation+casualties+latest+when%3A7d&hl=en-IN&gl=IN&ceid=IN:en "HTTP/1.1 200 OK"
2026-05-26 07:23:56,554 [backend.live_sources] INFO: \U0001f4e1 Live feed: 10 incidents, 10 alerts from 5 sources
2026-05-26 07:23:56,554 [backend.live_sources] INFO: \U0001f4e1 Live feed: 10 incidents, 10 alerts from 5 sources
2026-05-26 07:23:56,581 [httpx] INFO: HTTP Request: GET https://news.google.com/rss/search?q=Uttarakhand+%28landslide+OR+flood+OR+cloudburst+OR+earthquake+OR+%22forest+fire%22+OR+wildfire+OR+avalanche+OR+heatwave+OR+disaster%29+when%3A7d&hl=en-IN&gl=IN&ceid=IN:en "HTTP/1.1 200 OK"
2026-05-26 07:23:56,688 [httpx] INFO: HTTP Request: GET https://news.google.com/rss/search?q=Uttarakhand+disaster+response+evacuation+casualties+latest+when%3A7d&hl=en-IN&gl=IN&ceid=IN:en "HTTP/1.1 200 OK"
2026-05-26 07:23:56,694 [backend.live_sources] INFO: \U0001f4e1 Live feed: 10 incidents, 10 alerts from 5 sources
2026-05-26 07:24:06,392 [backend.websocket_manager] INFO: WebSocket disconnected. Total: 0
INFO:     connection closed
